current directory: /srv/jekyll/C:/Program Files/Git/srv/jekyll/vendor/bundle/ruby/3.4.0/gems/racc-1.8.1/ext/racc/cparse
/usr/local/bin/ruby extconf.rb
creating Makefile

current directory: /srv/jekyll/C:/Program Files/Git/srv/jekyll/vendor/bundle/ruby/3.4.0/gems/racc-1.8.1/ext/racc/cparse
make DESTDIR\= sitearchdir\=./.gem.20260923-7-zy20ep sitelibdir\=./.gem.20260923-7-zy20ep clean
make: Warning: File 'Makefile' has modification time 0.51 s in the future
make: warning:  Clock skew detected.  Your build may be incomplete.

current directory: /srv/jekyll/C:/Program Files/Git/srv/jekyll/vendor/bundle/ruby/3.4.0/gems/racc-1.8.1/ext/racc/cparse
make DESTDIR\= sitearchdir\=./.gem.20260923-7-zy20ep sitelibdir\=./.gem.20260923-7-zy20ep
make: Warning: File 'Makefile' has modification time 0.46 s in the future
compiling cparse.c
linking shared-object racc/cparse.so
make: warning:  Clock skew detected.  Your build may be incomplete.

current directory: /srv/jekyll/C:/Program Files/Git/srv/jekyll/vendor/bundle/ruby/3.4.0/gems/racc-1.8.1/ext/racc/cparse
make DESTDIR\= sitearchdir\=./.gem.20260923-7-zy20ep sitelibdir\=./.gem.20260923-7-zy20ep install
make: Warning: File 'cparse.so' has modification time 0.36 s in the future
/usr/bin/install -c -m 0755 cparse.so ./.gem.20260923-7-zy20ep/racc
make: warning:  Clock skew detected.  Your build may be incomplete.

current directory: /srv/jekyll/C:/Program Files/Git/srv/jekyll/vendor/bundle/ruby/3.4.0/gems/racc-1.8.1/ext/racc/cparse
make DESTDIR\= sitearchdir\=./.gem.20260923-7-zy20ep sitelibdir\=./.gem.20260923-7-zy20ep clean
