current directory: /srv/jekyll/C:/Program Files/Git/srv/jekyll/vendor/bundle/ruby/3.4.0/gems/bigdecimal-4.1.3/ext/bigdecimal
/usr/local/bin/ruby extconf.rb
checking for __builtin_clz()... yes
checking for __builtin_clzl()... yes
checking for __builtin_clzll()... yes
checking for float.h... yes
checking for math.h... yes
checking for stdbool.h... yes
checking for stdlib.h... yes
checking for x86intrin.h... yes
checking for _lzcnt_u32() in x86intrin.h... no
checking for _lzcnt_u64() in x86intrin.h... no
checking for intrin.h... no
checking for ruby/atomic.h... yes
checking for ruby/internal/has/builtin.h... yes
checking for ruby/internal/static_assert.h... yes
checking for rb_complex_real() in ruby.h... yes
checking for rb_complex_imag() in ruby.h... yes
checking for rb_opts_exception_p() in ruby.h... yes
checking for rb_category_warn() in ruby.h... yes
checking for RB_WARN_CATEGORY_DEPRECATED in ruby.h... yes
checking for RUBY_TYPED_EMBEDDABLE in ruby.h... yes
creating Makefile

current directory: /srv/jekyll/C:/Program Files/Git/srv/jekyll/vendor/bundle/ruby/3.4.0/gems/bigdecimal-4.1.3/ext/bigdecimal
make DESTDIR\= sitearchdir\=./.gem.20260923-7-jtbs18 sitelibdir\=./.gem.20260923-7-jtbs18 clean
make: Warning: File 'Makefile' has modification time 1.3 s in the future
make: warning:  Clock skew detected.  Your build may be incomplete.

current directory: /srv/jekyll/C:/Program Files/Git/srv/jekyll/vendor/bundle/ruby/3.4.0/gems/bigdecimal-4.1.3/ext/bigdecimal
make DESTDIR\= sitearchdir\=./.gem.20260923-7-jtbs18 sitelibdir\=./.gem.20260923-7-jtbs18
make: Warning: File 'Makefile' has modification time 1 s in the future
compiling bigdecimal.c
compiling missing.c
linking shared-object bigdecimal.so
make: warning:  Clock skew detected.  Your build may be incomplete.

current directory: /srv/jekyll/C:/Program Files/Git/srv/jekyll/vendor/bundle/ruby/3.4.0/gems/bigdecimal-4.1.3/ext/bigdecimal
make DESTDIR\= sitearchdir\=./.gem.20260923-7-jtbs18 sitelibdir\=./.gem.20260923-7-jtbs18 install
/usr/bin/install -c -m 0755 bigdecimal.so ./.gem.20260923-7-jtbs18

current directory: /srv/jekyll/C:/Program Files/Git/srv/jekyll/vendor/bundle/ruby/3.4.0/gems/bigdecimal-4.1.3/ext/bigdecimal
make DESTDIR\= sitearchdir\=./.gem.20260923-7-jtbs18 sitelibdir\=./.gem.20260923-7-jtbs18 clean
